// Jest Snapshot v1, https://goo.gl/fbAQLP

exports[`Switch should render the component 1`] = `
<label
  className="switch"
>
  <input
    onChange={[Function]}
    type="checkbox"
  />
  <span
    className="slider round"
  />
</label>
`;
